[www.esthetique-lyon-chirurgie.com/index.html]
[www.esthetique-lyon-chirurgie.com/sites/default/files/favicon.png]
[backblue.gif]
[fade.gif]
[index.html]
[www.esthetique-lyon-chirurgie.com/core/assets/vendor/normalize-css/normalizef993.css]
[www.esthetique-lyon-chirurgie.com/libraries/drupal-superfish/css/superfishf993.css]
[www.esthetique-lyon-chirurgie.com/core/modules/system/css/components/align.modulef993.css]
[www.esthetique-lyon-chirurgie.com/core/modules/system/css/components/fieldgroup.modulef993.css]
[www.esthetique-lyon-chirurgie.com/core/modules/system/css/components/container-inline.modulef993.css]
[www.esthetique-lyon-chirurgie.com/core/modules/system/css/components/clearfix.modulef993.css]
[www.esthetique-lyon-chirurgie.com/core/modules/system/css/components/details.modulef993.css]
[www.esthetique-lyon-chirurgie.com/core/modules/system/css/components/hidden.modulef993.css]
[www.esthetique-lyon-chirurgie.com/core/modules/system/css/components/item-list.modulef993.css]
[www.esthetique-lyon-chirurgie.com/core/modules/system/css/components/js.modulef993.css]
[www.esthetique-lyon-chirurgie.com/core/modules/system/css/components/nowrap.modulef993.css]
[www.esthetique-lyon-chirurgie.com/core/modules/system/css/components/position-container.modulef993.css]
[www.esthetique-lyon-chirurgie.com/core/modules/system/css/components/reset-appearance.modulef993.css]
[www.esthetique-lyon-chirurgie.com/core/modules/system/css/components/resize.modulef993.css]
[www.esthetique-lyon-chirurgie.com/core/modules/system/css/components/system-status-counterf993.css]
[www.esthetique-lyon-chirurgie.com/core/modules/system/css/components/system-status-report-countersf993.css]
[www.esthetique-lyon-chirurgie.com/core/modules/system/css/components/system-status-report-general-infof993.css]
[www.esthetique-lyon-chirurgie.com/core/modules/system/css/components/tablesort.modulef993.css]
[www.esthetique-lyon-chirurgie.com/libraries/flexslider/flexsliderf993.css]
[www.esthetique-lyon-chirurgie.com/core/modules/views/css/views.modulef993.css]
[www.esthetique-lyon-chirurgie.com/modules/contrib/eu_cookie_compliance/css/eu_cookie_compliancef993.css]
[www.esthetique-lyon-chirurgie.com/modules/contrib/back_to_top/css/back_to_topf993.css]
[www.esthetique-lyon-chirurgie.com/modules/contrib/ckeditor_accordion/css/accordion.frontendf993.css]
[www.esthetique-lyon-chirurgie.com/modules/contrib/flexslider/assets/css/flexslider_imgf993.css]
[www.esthetique-lyon-chirurgie.com/libraries/drupal-superfish/style/white/whitef993.css]
[www.esthetique-lyon-chirurgie.com/themes/contrib/bartik/css/base/elementsf993.css]
[www.esthetique-lyon-chirurgie.com/themes/contrib/bartik/css/layoutf993.css]
[www.esthetique-lyon-chirurgie.com/themes/contrib/bartik/css/classy/components/action-linksf993.css]
[www.esthetique-lyon-chirurgie.com/themes/contrib/bartik/css/classy/components/breadcrumbf993.css]
[www.esthetique-lyon-chirurgie.com/themes/contrib/bartik/css/classy/components/buttonf993.css]
[www.esthetique-lyon-chirurgie.com/themes/contrib/bartik/css/classy/components/collapse-processedf993.css]
[www.esthetique-lyon-chirurgie.com/themes/contrib/bartik/css/classy/components/container-inlinef993.css]
[www.esthetique-lyon-chirurgie.com/themes/contrib/bartik/css/classy/components/detailsf993.css]
[www.esthetique-lyon-chirurgie.com/themes/contrib/bartik/css/classy/components/exposed-filtersf993.css]
[www.esthetique-lyon-chirurgie.com/themes/contrib/bartik/css/classy/components/fieldf993.css]
[www.esthetique-lyon-chirurgie.com/themes/contrib/bartik/css/classy/components/formf993.css]
[www.esthetique-lyon-chirurgie.com/themes/contrib/bartik/css/classy/components/iconsf993.css]
[www.esthetique-lyon-chirurgie.com/themes/contrib/bartik/css/classy/components/inline-formf993.css]
[www.esthetique-lyon-chirurgie.com/themes/contrib/bartik/css/classy/components/item-listf993.css]
[www.esthetique-lyon-chirurgie.com/themes/contrib/bartik/css/classy/components/linkf993.css]
[www.esthetique-lyon-chirurgie.com/themes/contrib/bartik/css/classy/components/linksf993.css]
[www.esthetique-lyon-chirurgie.com/themes/contrib/bartik/css/classy/components/menuf993.css]
[www.esthetique-lyon-chirurgie.com/themes/contrib/bartik/css/classy/components/more-linkf993.css]
[www.esthetique-lyon-chirurgie.com/themes/contrib/bartik/css/classy/components/pagerf993.css]
[www.esthetique-lyon-chirurgie.com/themes/contrib/bartik/css/classy/components/tabledragf993.css]
[www.esthetique-lyon-chirurgie.com/themes/contrib/bartik/css/classy/components/tableselectf993.css]
[www.esthetique-lyon-chirurgie.com/themes/contrib/bartik/css/classy/components/tablesortf993.css]
[www.esthetique-lyon-chirurgie.com/themes/contrib/bartik/css/classy/components/tabsf993.css]
[www.esthetique-lyon-chirurgie.com/themes/contrib/bartik/css/classy/components/textareaf993.css]
[www.esthetique-lyon-chirurgie.com/themes/contrib/bartik/css/classy/components/ui-dialogf993.css]
[www.esthetique-lyon-chirurgie.com/themes/contrib/bartik/css/classy/components/messagesf993.css]
[www.esthetique-lyon-chirurgie.com/themes/contrib/bartik/css/classy/components/nodef993.css]
[www.esthetique-lyon-chirurgie.com/themes/contrib/bartik/css/components/blockf993.css]
[www.esthetique-lyon-chirurgie.com/themes/contrib/bartik/css/components/bookf993.css]
[www.esthetique-lyon-chirurgie.com/themes/contrib/bartik/css/components/breadcrumbf993.css]
[www.esthetique-lyon-chirurgie.com/themes/contrib/bartik/css/components/captionsf993.css]
[www.esthetique-lyon-chirurgie.com/themes/contrib/bartik/css/components/commentsf993.css]
[www.esthetique-lyon-chirurgie.com/themes/contrib/bartik/css/components/container-inline.modulef993.css]
[www.esthetique-lyon-chirurgie.com/themes/contrib/bartik/css/components/contextualf993.css]
[www.esthetique-lyon-chirurgie.com/themes/contrib/bartik/css/components/demo-blockf993.css]
[www.esthetique-lyon-chirurgie.com/themes/contrib/bartik/css/components/dropbutton.componentf993.css]
[www.esthetique-lyon-chirurgie.com/themes/contrib/bartik/css/components/featured-topf993.css]
[www.esthetique-lyon-chirurgie.com/themes/contrib/bartik/css/components/feed-iconf993.css]
[www.esthetique-lyon-chirurgie.com/themes/contrib/bartik/css/components/fieldf993.css]
[www.esthetique-lyon-chirurgie.com/themes/contrib/bartik/css/components/formf993.css]
[www.esthetique-lyon-chirurgie.com/themes/contrib/bartik/css/components/forumf993.css]
[www.esthetique-lyon-chirurgie.com/themes/contrib/bartik/css/components/headerf993.css]
[www.esthetique-lyon-chirurgie.com/themes/contrib/bartik/css/components/helpf993.css]
[www.esthetique-lyon-chirurgie.com/themes/contrib/bartik/css/components/highlightedf993.css]
[www.esthetique-lyon-chirurgie.com/themes/contrib/bartik/css/components/item-listf993.css]
[www.esthetique-lyon-chirurgie.com/themes/contrib/bartik/css/components/list-groupf993.css]
[www.esthetique-lyon-chirurgie.com/themes/contrib/bartik/css/components/listf993.css]
[www.esthetique-lyon-chirurgie.com/themes/contrib/bartik/css/components/main-contentf993.css]
[www.esthetique-lyon-chirurgie.com/themes/contrib/bartik/css/components/menuf993.css]
[www.esthetique-lyon-chirurgie.com/themes/contrib/bartik/css/components/messagesf993.css]
[www.esthetique-lyon-chirurgie.com/themes/contrib/bartik/css/components/nodef993.css]
[www.esthetique-lyon-chirurgie.com/themes/contrib/bartik/css/components/node-previewf993.css]
[www.esthetique-lyon-chirurgie.com/themes/contrib/bartik/css/components/page-titlef993.css]
[www.esthetique-lyon-chirurgie.com/themes/contrib/bartik/css/components/pagerf993.css]
[www.esthetique-lyon-chirurgie.com/themes/contrib/bartik/css/components/panelf993.css]
[www.esthetique-lyon-chirurgie.com/themes/contrib/bartik/css/components/primary-menuf993.css]
[www.esthetique-lyon-chirurgie.com/themes/contrib/bartik/css/components/search-formf993.css]
[www.esthetique-lyon-chirurgie.com/themes/contrib/bartik/css/components/search-resultsf993.css]
[www.esthetique-lyon-chirurgie.com/themes/contrib/bartik/css/components/secondary-menuf993.css]
[www.esthetique-lyon-chirurgie.com/themes/contrib/bartik/css/components/shortcutf993.css]
[www.esthetique-lyon-chirurgie.com/themes/contrib/bartik/css/components/skip-linkf993.css]
[www.esthetique-lyon-chirurgie.com/themes/contrib/bartik/css/components/sidebarf993.css]
[www.esthetique-lyon-chirurgie.com/themes/contrib/bartik/css/components/site-brandingf993.css]
[www.esthetique-lyon-chirurgie.com/themes/contrib/bartik/css/components/site-footerf993.css]
[www.esthetique-lyon-chirurgie.com/themes/contrib/bartik/css/components/tablef993.css]
[www.esthetique-lyon-chirurgie.com/themes/contrib/bartik/css/components/tablesort-indicatorf993.css]
[www.esthetique-lyon-chirurgie.com/themes/contrib/bartik/css/components/tabsf993.css]
[www.esthetique-lyon-chirurgie.com/themes/contrib/bartik/css/components/text-formattedf993.css]
[www.esthetique-lyon-chirurgie.com/themes/contrib/bartik/css/components/toolbarf993.css]
[www.esthetique-lyon-chirurgie.com/themes/contrib/bartik/css/components/featured-bottomf993.css]
[www.esthetique-lyon-chirurgie.com/themes/contrib/bartik/css/components/password-suggestionsf993.css]
[www.esthetique-lyon-chirurgie.com/themes/contrib/bartik/css/components/ui.widgetf993.css]
[www.esthetique-lyon-chirurgie.com/themes/contrib/bartik/css/components/vertical-tabs.componentf993.css]
[www.esthetique-lyon-chirurgie.com/themes/contrib/bartik/css/components/viewsf993.css]
[www.esthetique-lyon-chirurgie.com/themes/contrib/bartik/css/components/buttonsf993.css]
[www.esthetique-lyon-chirurgie.com/themes/contrib/bartik/css/components/image-buttonf993.css]
[www.esthetique-lyon-chirurgie.com/themes/contrib/bartik/css/components/ui-dialogf993.css]
[www.esthetique-lyon-chirurgie.com/themes/asco_theme/css/stylef993.css]
[www.esthetique-lyon-chirurgie.com/themes/contrib/bartik/css/colorsf993.css]
[www.esthetique-lyon-chirurgie.com/themes/contrib/bartik/css/printf993.css]
[www.esthetique-lyon-chirurgie.com/sites/default/files/logo.jpg]
[www.esthetique-lyon-chirurgie.com/contact.html]
[www.esthetique-lyon-chirurgie.com/nous-trouver.html]
[www.esthetique-lyon-chirurgie.com/prendre-rendez-vous.html]
[www.esthetique-lyon-chirurgie.com/dr-igor-papalia.html]
[www.esthetique-lyon-chirurgie.com/chirurgie-des-seins.html]
[www.esthetique-lyon-chirurgie.com/augmentation-mammaire-par-protheses-lyon.html]
[www.esthetique-lyon-chirurgie.com/augmentation-mammaire-lipofilling-lyon.html]
[www.esthetique-lyon-chirurgie.com/reduction-mammaire.html]
[www.esthetique-lyon-chirurgie.com/ptose-mammaire.html]
[www.esthetique-lyon-chirurgie.com/reconstruction-du-sein-par-lambeau-de-muscle-grand-dorsal.html]
[www.esthetique-lyon-chirurgie.com/reconstruction-du-sein-par-lambeau-de-muscle-droit-de-labdomen-definition-objectifs-et-alternatives.html]
[www.esthetique-lyon-chirurgie.com/reconstruction-du-sein-par-prothese.html]
[www.esthetique-lyon-chirurgie.com/cure-de-gynecomastie.html]
[www.esthetique-lyon-chirurgie.com/chirurgie-de-la-silhouette.html]
[www.esthetique-lyon-chirurgie.com/lipoaspiration-liposuccion.html]
[www.esthetique-lyon-chirurgie.com/lipomodelage-lipostructure-lipofilling.html]
[www.esthetique-lyon-chirurgie.com/abdominoplastie.html]
[www.esthetique-lyon-chirurgie.com/brachioplastie-lifting-des-bras.html]
[www.esthetique-lyon-chirurgie.com/cruroplastie-lifting-des-cuisses.html]
[www.esthetique-lyon-chirurgie.com/chirurgie-du-visage-et-de-la-tete.html]
[www.esthetique-lyon-chirurgie.com/rhinoplastie.html]
[www.esthetique-lyon-chirurgie.com/lifting-temporal.html]
[www.esthetique-lyon-chirurgie.com/lifting-centro-facial.html]
[www.esthetique-lyon-chirurgie.com/lifting-cervico-facial-lyon.html]
[www.esthetique-lyon-chirurgie.com/lifting-fronto-temporal-endoscopique.html]
[www.esthetique-lyon-chirurgie.com/lifting-facial-endoscopique.html]
[www.esthetique-lyon-chirurgie.com/blepharoplastie.html]
[www.esthetique-lyon-chirurgie.com/otoplastie.html]
[www.esthetique-lyon-chirurgie.com/lipomodelage-lipostructure-du-visage.html]
[www.esthetique-lyon-chirurgie.com/dermato-chirurgie.html]
[www.esthetique-lyon-chirurgie.com/medecine-esthetique.html]
[www.esthetique-lyon-chirurgie.com/radiofrequence.html]
[www.esthetique-lyon-chirurgie.com/injection-acide-hyaluronique.html]
[www.esthetique-lyon-chirurgie.com/injection-de-toxine-botulique.html]
[www.esthetique-lyon-chirurgie.com/consultation.html]
[www.esthetique-lyon-chirurgie.com/hospitalisation.html]
[www.esthetique-lyon-chirurgie.com/photos-dinterventions.html]
[www.esthetique-lyon-chirurgie.com/tarifs.html]
[www.esthetique-lyon-chirurgie.com/actualites.html]
[www.esthetique-lyon-chirurgie.com/faq.html]
[www.esthetique-lyon-chirurgie.com/sites/default/files/2025-04/slide_protheses_descendant.jpg]
[www.esthetique-lyon-chirurgie.com/protheses-mammaires-descente.html]
[www.esthetique-lyon-chirurgie.com/sites/default/files/2021-05/slide_liposuccion.jpg]
[www.esthetique-lyon-chirurgie.com/sites/default/files/2021-02/slide_reconstruction_0.jpg]
[www.esthetique-lyon-chirurgie.com/sites/default/files/2025-04/actu_prothese_mammaires_descendante.jpg]
[www.esthetique-lyon-chirurgie.com/cout-augmentation-mammaire-lipofilling.html]
[www.esthetique-lyon-chirurgie.com/sites/default/files/2025-04/actu_cout_lipofilling_mammaire.jpg]
[www.esthetique-lyon-chirurgie.com/mentions-legales.html]
[www.esthetique-lyon-chirurgie.com/core/assets/vendor/jquery/jquery.mind734.js]
[www.esthetique-lyon-chirurgie.com/core/assets/vendor/once/once.minf700.js]
[www.esthetique-lyon-chirurgie.com/sites/default/files/languages/fr_QXOVVtO88I-rKOsDblWdc8viLOAnE-8ThF9LvU6WGjYf993.js]
[www.esthetique-lyon-chirurgie.com/core/misc/drupalSettingsLoader49d2.js]
[www.esthetique-lyon-chirurgie.com/core/misc/drupal49d2.js]
[www.esthetique-lyon-chirurgie.com/core/misc/drupal.init49d2.js]
[www.esthetique-lyon-chirurgie.com/themes/asco_theme/vendor/jquery-scrollTo/jquery.scrollTo.min1036.js]
[www.esthetique-lyon-chirurgie.com/themes/asco_theme/js/script49d2.js]
[www.esthetique-lyon-chirurgie.com/modules/contrib/back_to_top/js/back_to_top49d2.js]
[www.esthetique-lyon-chirurgie.com/modules/contrib/ckeditor_accordion/js/accordion.frontend.minf993.js]
[www.esthetique-lyon-chirurgie.com/modules/contrib/eu_cookie_compliance/js/eu_cookie_compliance.minf993.js]
[www.esthetique-lyon-chirurgie.com/libraries/flexslider/jquery.flexslider-minf993.js]
[www.esthetique-lyon-chirurgie.com/modules/contrib/flexslider/dist/js/flexslider.load.minf993.js]
[www.esthetique-lyon-chirurgie.com/modules/contrib/google_analytics/js/google_analytics49d2.js]
[www.esthetique-lyon-chirurgie.com/modules/contrib/superfish/js/superfish3661.js]
[www.esthetique-lyon-chirurgie.com/libraries/drupal-superfish/superfishf993.js]
[www.esthetique-lyon-chirurgie.com/libraries/drupal-superfish/jquery.hoverIntent.minifiedf993.js]
[www.esthetique-lyon-chirurgie.com/libraries/drupal-superfish/sfsmallscreenf993.js]
[www.esthetique-lyon-chirurgie.com/libraries/drupal-superfish/supersubsf993.js]
[www.esthetique-lyon-chirurgie.com/libraries/drupal-superfish/suppositionf993.js]
[www.esthetique-lyon-chirurgie.com/index.html]
[www.esthetique-lyon-chirurgie.com/core/assets/vendor/normalize-css/normalizef993.css]
[www.esthetique-lyon-chirurgie.com/libraries/drupal-superfish/css/superfishf993.css]
[www.esthetique-lyon-chirurgie.com/core/modules/system/css/components/align.modulef993.css]
[www.esthetique-lyon-chirurgie.com/core/modules/system/css/components/fieldgroup.modulef993.css]
[www.esthetique-lyon-chirurgie.com/core/modules/system/css/components/container-inline.modulef993.css]
[www.esthetique-lyon-chirurgie.com/core/modules/system/css/components/clearfix.modulef993.css]
[www.esthetique-lyon-chirurgie.com/core/modules/system/css/components/details.modulef993.css]
[www.esthetique-lyon-chirurgie.com/core/modules/system/css/components/hidden.modulef993.css]
[www.esthetique-lyon-chirurgie.com/core/modules/system/css/components/item-list.modulef993.css]
[www.esthetique-lyon-chirurgie.com/core/modules/system/css/components/js.modulef993.css]
[www.esthetique-lyon-chirurgie.com/core/modules/system/css/components/nowrap.modulef993.css]
[www.esthetique-lyon-chirurgie.com/core/modules/system/css/components/position-container.modulef993.css]
[www.esthetique-lyon-chirurgie.com/core/modules/system/css/components/reset-appearance.modulef993.css]
[www.esthetique-lyon-chirurgie.com/core/modules/system/css/components/resize.modulef993.css]
[www.esthetique-lyon-chirurgie.com/core/modules/system/css/components/system-status-counterf993.css]
[www.esthetique-lyon-chirurgie.com/core/modules/system/css/components/system-status-report-countersf993.css]
[www.esthetique-lyon-chirurgie.com/core/modules/system/css/components/system-status-report-general-infof993.css]
[www.esthetique-lyon-chirurgie.com/core/modules/system/css/components/tablesort.modulef993.css]
[www.esthetique-lyon-chirurgie.com/libraries/flexslider/fonts/flexslider-icon.eot]
[www.esthetique-lyon-chirurgie.com/libraries/flexslider/fonts/flexslider-icond41d.eot]
[www.esthetique-lyon-chirurgie.com/libraries/flexslider/fonts/flexslider-icon.woff]
[www.esthetique-lyon-chirurgie.com/libraries/flexslider/fonts/flexslider-icon.ttf]
[www.esthetique-lyon-chirurgie.com/libraries/flexslider/flexsliderf993.css]
[www.esthetique-lyon-chirurgie.com/core/modules/views/css/views.modulef993.css]
[www.esthetique-lyon-chirurgie.com/modules/contrib/eu_cookie_compliance/images/gradient.png]
[www.esthetique-lyon-chirurgie.com/modules/contrib/eu_cookie_compliance/images/close.png]
[www.esthetique-lyon-chirurgie.com/modules/contrib/eu_cookie_compliance/css/eu_cookie_compliancef993.css]
[www.esthetique-lyon-chirurgie.com/modules/contrib/back_to_top/backtotop.png]
[www.esthetique-lyon-chirurgie.com/modules/contrib/back_to_top/backtotop2x.png]
[www.esthetique-lyon-chirurgie.com/modules/contrib/back_to_top/css/back_to_topf993.css]
[www.esthetique-lyon-chirurgie.com/modules/contrib/ckeditor_accordion/css/accordion.frontendf993.css]
[www.esthetique-lyon-chirurgie.com/modules/contrib/flexslider/assets/css/flexslider_imgf993.css]
[www.esthetique-lyon-chirurgie.com/libraries/drupal-superfish/style/white/whitef993.css]
[www.esthetique-lyon-chirurgie.com/themes/contrib/bartik/css/base/elementsf993.css]
[www.esthetique-lyon-chirurgie.com/themes/contrib/bartik/css/layoutf993.css]
[www.esthetique-lyon-chirurgie.com/themes/contrib/bartik/css/classy/components/action-linksf993.css]
[www.esthetique-lyon-chirurgie.com/themes/contrib/bartik/css/classy/components/breadcrumbf993.css]
[www.esthetique-lyon-chirurgie.com/themes/contrib/bartik/css/classy/components/buttonf993.css]
[www.esthetique-lyon-chirurgie.com/themes/contrib/bartik/icons/menu-expanded.png]
[www.esthetique-lyon-chirurgie.com/themes/contrib/bartik/css/classy/components/collapse-processedf993.css]
[www.esthetique-lyon-chirurgie.com/themes/contrib/bartik/css/classy/components/container-inlinef993.css]
[www.esthetique-lyon-chirurgie.com/themes/contrib/bartik/css/classy/components/detailsf993.css]
[www.esthetique-lyon-chirurgie.com/themes/contrib/bartik/css/classy/components/exposed-filtersf993.css]
[www.esthetique-lyon-chirurgie.com/themes/contrib/bartik/css/classy/components/fieldf993.css]
[www.esthetique-lyon-chirurgie.com/themes/contrib/bartik/css/classy/components/formf993.css]
[www.esthetique-lyon-chirurgie.com/themes/contrib/bartik/icons/help.png]
[www.esthetique-lyon-chirurgie.com/themes/contrib/bartik/css/classy/components/iconsf993.css]
[www.esthetique-lyon-chirurgie.com/themes/contrib/bartik/css/classy/components/inline-formf993.css]
[www.esthetique-lyon-chirurgie.com/themes/contrib/bartik/css/classy/components/item-listf993.css]
[www.esthetique-lyon-chirurgie.com/themes/contrib/bartik/css/classy/components/linkf993.css]
[www.esthetique-lyon-chirurgie.com/themes/contrib/bartik/css/classy/components/linksf993.css]
[www.esthetique-lyon-chirurgie.com/themes/contrib/bartik/icons/menu-collapsed.png]
[www.esthetique-lyon-chirurgie.com/themes/contrib/bartik/icons/menu-collapsed-rtl.png]
[www.esthetique-lyon-chirurgie.com/themes/contrib/bartik/css/classy/components/menuf993.css]
[www.esthetique-lyon-chirurgie.com/themes/contrib/bartik/css/classy/components/more-linkf993.css]
[www.esthetique-lyon-chirurgie.com/themes/contrib/bartik/css/classy/components/pagerf993.css]
[www.esthetique-lyon-chirurgie.com/themes/contrib/bartik/css/classy/components/tabledragf993.css]
[www.esthetique-lyon-chirurgie.com/themes/contrib/bartik/css/classy/components/tableselectf993.css]
[www.esthetique-lyon-chirurgie.com/themes/contrib/bartik/css/classy/components/tablesortf993.css]
[www.esthetique-lyon-chirurgie.com/themes/contrib/bartik/css/classy/components/tabsf993.css]
[www.esthetique-lyon-chirurgie.com/themes/contrib/bartik/css/classy/components/textareaf993.css]
[www.esthetique-lyon-chirurgie.com/themes/contrib/bartik/css/classy/components/ui-dialogf993.css]
[www.esthetique-lyon-chirurgie.com/themes/contrib/bartik/css/classy/components/messagesf993.css]
[www.esthetique-lyon-chirurgie.com/themes/contrib/bartik/css/classy/components/nodef993.css]
[www.esthetique-lyon-chirurgie.com/themes/contrib/bartik/css/components/blockf993.css]
[www.esthetique-lyon-chirurgie.com/themes/contrib/bartik/css/components/bookf993.css]
[www.esthetique-lyon-chirurgie.com/themes/contrib/bartik/css/components/breadcrumbf993.css]
[www.esthetique-lyon-chirurgie.com/themes/contrib/bartik/css/components/captionsf993.css]
[www.esthetique-lyon-chirurgie.com/themes/contrib/bartik/css/components/commentsf993.css]
[www.esthetique-lyon-chirurgie.com/themes/contrib/bartik/css/components/container-inline.modulef993.css]
[www.esthetique-lyon-chirurgie.com/themes/contrib/bartik/css/components/contextualf993.css]
[www.esthetique-lyon-chirurgie.com/themes/contrib/bartik/css/components/demo-blockf993.css]
[www.esthetique-lyon-chirurgie.com/themes/contrib/bartik/css/components/dropbutton.componentf993.css]
[www.esthetique-lyon-chirurgie.com/themes/contrib/bartik/css/components/featured-topf993.css]
[www.esthetique-lyon-chirurgie.com/themes/contrib/bartik/css/components/feed-iconf993.css]
[www.esthetique-lyon-chirurgie.com/themes/contrib/bartik/css/components/fieldf993.css]
[www.esthetique-lyon-chirurgie.com/themes/contrib/bartik/css/components/formf993.css]
[www.esthetique-lyon-chirurgie.com/themes/contrib/bartik/css/components/forumf993.css]
[www.esthetique-lyon-chirurgie.com/themes/contrib/bartik/css/components/headerf993.css]
[www.esthetique-lyon-chirurgie.com/themes/contrib/bartik/css/components/helpf993.css]
[www.esthetique-lyon-chirurgie.com/themes/contrib/bartik/css/components/highlightedf993.css]
[www.esthetique-lyon-chirurgie.com/themes/contrib/bartik/css/components/item-listf993.css]
[www.esthetique-lyon-chirurgie.com/themes/contrib/bartik/css/components/list-groupf993.css]
[www.esthetique-lyon-chirurgie.com/themes/contrib/bartik/css/components/listf993.css]
[www.esthetique-lyon-chirurgie.com/themes/contrib/bartik/css/components/main-contentf993.css]
[www.esthetique-lyon-chirurgie.com/themes/contrib/bartik/css/components/menuf993.css]
[www.esthetique-lyon-chirurgie.com/themes/contrib/bartik/css/components/messagesf993.css]
[www.esthetique-lyon-chirurgie.com/themes/contrib/bartik/css/components/nodef993.css]
[www.esthetique-lyon-chirurgie.com/themes/contrib/bartik/css/components/node-previewf993.css]
[www.esthetique-lyon-chirurgie.com/themes/contrib/bartik/css/components/page-titlef993.css]
[www.esthetique-lyon-chirurgie.com/themes/contrib/bartik/css/components/pagerf993.css]
[www.esthetique-lyon-chirurgie.com/themes/contrib/bartik/css/components/panelf993.css]
[www.esthetique-lyon-chirurgie.com/themes/contrib/bartik/css/components/primary-menuf993.css]
[www.esthetique-lyon-chirurgie.com/themes/contrib/bartik/css/components/search-formf993.css]
[www.esthetique-lyon-chirurgie.com/themes/contrib/bartik/css/components/search-resultsf993.css]
[www.esthetique-lyon-chirurgie.com/themes/contrib/bartik/css/components/secondary-menuf993.css]
[www.esthetique-lyon-chirurgie.com/themes/contrib/bartik/css/components/shortcutf993.css]
[www.esthetique-lyon-chirurgie.com/themes/contrib/bartik/css/components/skip-linkf993.css]
[www.esthetique-lyon-chirurgie.com/themes/contrib/bartik/css/components/sidebarf993.css]
[www.esthetique-lyon-chirurgie.com/themes/contrib/bartik/css/components/site-brandingf993.css]
[www.esthetique-lyon-chirurgie.com/themes/contrib/bartik/css/components/site-footerf993.css]
[www.esthetique-lyon-chirurgie.com/themes/contrib/bartik/css/components/tablef993.css]
[www.esthetique-lyon-chirurgie.com/themes/contrib/bartik/css/components/tablesort-indicatorf993.css]
[www.esthetique-lyon-chirurgie.com/themes/contrib/bartik/icons/tabs-border.png]
[www.esthetique-lyon-chirurgie.com/themes/contrib/bartik/css/components/tabsf993.css]
[www.esthetique-lyon-chirurgie.com/themes/contrib/bartik/css/components/text-formattedf993.css]
[www.esthetique-lyon-chirurgie.com/themes/contrib/bartik/css/components/toolbarf993.css]
[www.esthetique-lyon-chirurgie.com/themes/contrib/bartik/css/components/featured-bottomf993.css]
[www.esthetique-lyon-chirurgie.com/themes/contrib/bartik/css/components/password-suggestionsf993.css]
[www.esthetique-lyon-chirurgie.com/themes/contrib/bartik/css/components/ui.widgetf993.css]
[www.esthetique-lyon-chirurgie.com/themes/contrib/bartik/css/components/vertical-tabs.componentf993.css]
[www.esthetique-lyon-chirurgie.com/themes/contrib/bartik/css/components/viewsf993.css]
[www.esthetique-lyon-chirurgie.com/themes/contrib/bartik/css/components/buttonsf993.css]
[www.esthetique-lyon-chirurgie.com/themes/contrib/bartik/css/components/image-buttonf993.css]
[www.esthetique-lyon-chirurgie.com/themes/contrib/bartik/css/components/ui-dialogf993.css]
[www.esthetique-lyon-chirurgie.com/themes/asco_theme/images/fleche-menu.png]
[www.esthetique-lyon-chirurgie.com/themes/asco_theme/images/fleche-menu-h.png]
[www.esthetique-lyon-chirurgie.com/themes/asco_theme/images/picto_mail.png]
[www.esthetique-lyon-chirurgie.com/themes/asco_theme/images/picto_acces.png]
[www.esthetique-lyon-chirurgie.com/themes/asco_theme/images/picto_rdv-b.png]
[www.esthetique-lyon-chirurgie.com/themes/asco_theme/images/picto_photos-b.png]
[www.esthetique-lyon-chirurgie.com/themes/asco_theme/images/picto_tarifs-b.png]
[www.esthetique-lyon-chirurgie.com/themes/asco_theme/images/bg_docteur.jpg]
[www.esthetique-lyon-chirurgie.com/themes/asco_theme/images/dr_papalia.jpg]
[www.esthetique-lyon-chirurgie.com/themes/asco_theme/images/chevron_bleu.png]
[www.esthetique-lyon-chirurgie.com/themes/asco_theme/images/chevron_blanc.png]
[www.esthetique-lyon-chirurgie.com/themes/asco_theme/images/img_seins.jpg]
[www.esthetique-lyon-chirurgie.com/themes/asco_theme/images/img_silhouette.jpg]
[www.esthetique-lyon-chirurgie.com/themes/asco_theme/images/img_visage.jpg]
[www.esthetique-lyon-chirurgie.com/themes/asco_theme/images/img_cutane.jpg]
[www.esthetique-lyon-chirurgie.com/themes/asco_theme/images/img_acide.jpg]
[www.esthetique-lyon-chirurgie.com/themes/asco_theme/images/img_botox.jpg]
[www.esthetique-lyon-chirurgie.com/themes/asco_theme/images/img_cryolypolise.jpg]
[www.esthetique-lyon-chirurgie.com/themes/asco_theme/images/img_radiofrequence.jpg]
[www.esthetique-lyon-chirurgie.com/themes/asco_theme/images/cabinet-lyon.jpg]
[www.esthetique-lyon-chirurgie.com/themes/asco_theme/images/clinique-trenel.jpg]
[www.esthetique-lyon-chirurgie.com/themes/asco_theme/images/medipole.jpg]
[www.esthetique-lyon-chirurgie.com/themes/asco_theme/images/sainte-foie.jpg]
[www.esthetique-lyon-chirurgie.com/themes/asco_theme/images/picto_faq.png]
[www.esthetique-lyon-chirurgie.com/themes/asco_theme/images/picto_faq-h.png]
[www.esthetique-lyon-chirurgie.com/themes/asco_theme/images/logo-footer.png]
[www.esthetique-lyon-chirurgie.com/themes/asco_theme/images/picto_acces-b.png]
[www.esthetique-lyon-chirurgie.com/themes/asco_theme/images/fond_menu.png]
[www.esthetique-lyon-chirurgie.com/themes/asco_theme/images/lieux-cabinet.jpg]
[www.esthetique-lyon-chirurgie.com/themes/asco_theme/images/lieux-medipole.jpg]
[www.esthetique-lyon-chirurgie.com/themes/asco_theme/images/lieux-foy.jpg]
[www.esthetique-lyon-chirurgie.com/themes/asco_theme/images/lieux-trenel.jpg]
[www.esthetique-lyon-chirurgie.com/themes/asco_theme/images/picto_photo_FFFFFF.png]
[www.esthetique-lyon-chirurgie.com/themes/asco_theme/images/plus_menu.png]
[www.esthetique-lyon-chirurgie.com/themes/asco_theme/images/plus_menu-b.png]
[www.esthetique-lyon-chirurgie.com/themes/asco_theme/css/stylef993.css]
[www.esthetique-lyon-chirurgie.com/themes/contrib/bartik/css/colorsf993.css]
[www.esthetique-lyon-chirurgie.com/themes/contrib/bartik/css/printf993.css]
[www.esthetique-lyon-chirurgie.com/modules/contrib/webform/css/webform.element.details.togglef993.css]
[www.esthetique-lyon-chirurgie.com/modules/contrib/webform/css/webform.element.messagef993.css]
[www.esthetique-lyon-chirurgie.com/modules/contrib/webform/css/webform.formf993.css]
[www.esthetique-lyon-chirurgie.com/modules/contrib/webform/css/webform.theme.bartikf993.css]
[www.esthetique-lyon-chirurgie.com/modules/contrib/recaptcha/js/recaptchaf993.js]
[www.esthetique-lyon-chirurgie.com/modules/contrib/webform/js/webform.element.details.save49d2.js]
[www.esthetique-lyon-chirurgie.com/core/misc/debounce49d2.js]
[www.esthetique-lyon-chirurgie.com/core/misc/announce49d2.js]
[www.esthetique-lyon-chirurgie.com/modules/contrib/webform/js/webform.element.details.toggle49d2.js]
[www.esthetique-lyon-chirurgie.com/modules/contrib/webform/js/webform.element.message49d2.js]
[www.esthetique-lyon-chirurgie.com/core/misc/form49d2.js]
[www.esthetique-lyon-chirurgie.com/modules/contrib/webform/js/webform.behaviors49d2.js]
[www.esthetique-lyon-chirurgie.com/core/misc/states49d2.js]
[www.esthetique-lyon-chirurgie.com/modules/contrib/webform/js/webform.states49d2.js]
[www.esthetique-lyon-chirurgie.com/modules/contrib/webform/js/webform.form49d2.js]
[www.esthetique-lyon-chirurgie.com/contact.html]
[www.esthetique-lyon-chirurgie.com/nous-trouver.html]
[www.esthetique-lyon-chirurgie.com/prendre-rendez-vous.html]
[www.esthetique-lyon-chirurgie.com/sites/default/files/inline-images/dr_papalia.jpg]
[www.esthetique-lyon-chirurgie.com/sites/default/files/inline-images/logo.jpg]
[www.esthetique-lyon-chirurgie.com/dr-igor-papalia.html]
[www.esthetique-lyon-chirurgie.com/sites/default/files/inline-images/prothese_mammaire.jpg]
[www.esthetique-lyon-chirurgie.com/chirurgie-des-seins.html]
[www.esthetique-lyon-chirurgie.com/photos-augmentation-mammaire.html]
[www.esthetique-lyon-chirurgie.com/augmentation-mammaire-les-implants.html]
[www.esthetique-lyon-chirurgie.com/augmentation-mammaire-avant-lintervention.html]
[www.esthetique-lyon-chirurgie.com/augmentation-mammaire-lintervention.html]
[www.esthetique-lyon-chirurgie.com/augmentation-mammaire-apres-lintervention.html]
[www.esthetique-lyon-chirurgie.com/augmentation-mammaire-les-imperfections-de-resultat-et-complications-envisageables.html]
[www.esthetique-lyon-chirurgie.com/augmentation-mammaire-par-protheses-lyon.html]
[www.esthetique-lyon-chirurgie.com/augmentation-mammaire-questions-diverses.html]
[www.esthetique-lyon-chirurgie.com/augmentation-mammaire-lipofilling-lyon.html]
[www.esthetique-lyon-chirurgie.com/sites/default/files/inline-images/lipofilling_seins.jpg]
[www.esthetique-lyon-chirurgie.com/sites/default/files/inline-images/hypertrophie_mammaire.jpg]
[www.esthetique-lyon-chirurgie.com/photos-reduction-mammaire.html]
[www.esthetique-lyon-chirurgie.com/reduction-mammaire-avant-lintervention.html]
[www.esthetique-lyon-chirurgie.com/reduction-mammaire-apres-lintervention-resultats-exemples.html]
[www.esthetique-lyon-chirurgie.com/reduction-mammaire-les-imperfections-de-resultat-et-complications-envisageables.html]
[www.esthetique-lyon-chirurgie.com/reduction-mammaire.html]
[www.esthetique-lyon-chirurgie.com/reduction-mammaire-questions-frequentes.html]
[www.esthetique-lyon-chirurgie.com/sites/default/files/inline-images/ptose mammaire.jpg]
[www.esthetique-lyon-chirurgie.com/ptose-mammaire-lintervention.html]
[www.esthetique-lyon-chirurgie.com/ptose-mammaire.html]
[www.esthetique-lyon-chirurgie.com/ptose-mammaire-le-resultat-les-imperfections-les-complications.html]
[www.esthetique-lyon-chirurgie.com/sites/default/files/inline-images/objectif_reconstruction.jpg]
[www.esthetique-lyon-chirurgie.com/reconstruction-du-sein-par-lambeau-de-muscle-grand-dorsal-principes-et-protheses.html]
[www.esthetique-lyon-chirurgie.com/reconstruction-du-sein-par-lambeau-de-muscle-grand-dorsal-lintervention.html]
[www.esthetique-lyon-chirurgie.com/reconstruction-du-sein-par-lambeau-de-muscle-grand-dorsal-le-resultat-et-les-imperfections.html]
[www.esthetique-lyon-chirurgie.com/reconstruction-du-sein-par-lambeau-de-muscle-grand-dorsal.html]
[www.esthetique-lyon-chirurgie.com/reconstruction-du-sein-par-lambeau-de-muscle-grand-dorsal-les-complications.html]
[www.esthetique-lyon-chirurgie.com/sites/default/files/inline-images/ptose mammaire_14.jpg]
[www.esthetique-lyon-chirurgie.com/reconstruction-du-sein-par-lambeau-de-muscle-droit-de-labdomen-principes.html]
[www.esthetique-lyon-chirurgie.com/reconstruction-du-sein-par-lambeau-de-muscle-droit-de-labdomen-lintervention.html]
[www.esthetique-lyon-chirurgie.com/reconstruction-du-sein-par-lambeau-de-muscle-droit-de-labdomen-le-resultat-et-les-imperfections.html]
[www.esthetique-lyon-chirurgie.com/reconstruction-du-sein-par-lambeau-de-muscle-droit-de-labdomen-definition-objectifs-et-alternatives.html]
[www.esthetique-lyon-chirurgie.com/reconstruction-du-sein-par-lambeau-de-muscle-droit-de-labdomen-les-complications.html]
[www.esthetique-lyon-chirurgie.com/sites/default/files/inline-images/intervention_protheses.jpg]
[www.esthetique-lyon-chirurgie.com/reconstruction-du-sein-par-prothese-principes-et-protheses.html]
[www.esthetique-lyon-chirurgie.com/reconstruction-du-sein-par-prothese-lintervention.html]
[www.esthetique-lyon-chirurgie.com/reconstruction-du-sein-par-prothese-le-resultat-et-les-imperfections.html]
[www.esthetique-lyon-chirurgie.com/reconstruction-du-sein-par-prothese.html]
[www.esthetique-lyon-chirurgie.com/reconstruction-du-sein-par-prothese-les-complications.html]
[www.esthetique-lyon-chirurgie.com/sites/default/files/inline-images/gynecomastie.jpg]
[www.esthetique-lyon-chirurgie.com/cure-de-gynecomastie-solutions-et-suite-operatoires.html]
[www.esthetique-lyon-chirurgie.com/cure-de-gynecomastie.html]
[www.esthetique-lyon-chirurgie.com/cure-de-gynecomastie-resultat-et-complications.html]
[www.esthetique-lyon-chirurgie.com/sites/default/files/inline-images/lipoaspiration.jpg]
[www.esthetique-lyon-chirurgie.com/chirurgie-de-la-silhouette.html]
[www.esthetique-lyon-chirurgie.com/sites/default/files/inline-images/lipoaspiration_liposuccion_0.jpg]
[www.esthetique-lyon-chirurgie.com/photos-liposuccion.html]
[www.esthetique-lyon-chirurgie.com/lipoaspirationliposuccion-lintervention.html]
[www.esthetique-lyon-chirurgie.com/lipoaspirationliposuccion-le-resultat-et-les-imperfections.html]
[www.esthetique-lyon-chirurgie.com/lipoaspiration-liposuccion.html]
[www.esthetique-lyon-chirurgie.com/lipoaspirationliposuccion-les-complications.html]
[www.esthetique-lyon-chirurgie.com/sites/default/files/inline-images/lipoaspiration_3.jpg]
[www.esthetique-lyon-chirurgie.com/lipomodelage-lipostructure-lipofilling-avant-lintervention.html]
[www.esthetique-lyon-chirurgie.com/lipomodelage-lipostructure-lipofilling-lintervention.html]
[www.esthetique-lyon-chirurgie.com/lipomodelage-lipostructure-lipofilling-le-resultat-et-les-imperfections.html]
[www.esthetique-lyon-chirurgie.com/lipomodelage-lipostructure-lipofilling.html]
[www.esthetique-lyon-chirurgie.com/lipomodelage-lipostructure-lipofilling-les-complications.html]
[www.esthetique-lyon-chirurgie.com/sites/default/files/inline-images/lipoaspiration_8.jpg]
[www.esthetique-lyon-chirurgie.com/photos-abdominoplastie.html]
[www.esthetique-lyon-chirurgie.com/abdominoplastie-objectifs-et-principes.html]
[www.esthetique-lyon-chirurgie.com/abdominoplastie-lintervention.html]
[www.esthetique-lyon-chirurgie.com/abdominoplastie-le-resultat-et-les-imperfections.html]
[www.esthetique-lyon-chirurgie.com/abdominoplastie.html]
[www.esthetique-lyon-chirurgie.com/abdominoplastie-les-complications-et-conclusion.html]
[www.esthetique-lyon-chirurgie.com/sites/default/files/inline-images/brachioplastie.jpg]
[www.esthetique-lyon-chirurgie.com/photos-brachioplastie-lifting-des-bras.html]
[www.esthetique-lyon-chirurgie.com/brachioplastie-lifting-des-bras-lintervention.html]
[www.esthetique-lyon-chirurgie.com/brachioplastie-lifting-des-bras-apres-lintervention-resultat-et-imperfections.html]
[www.esthetique-lyon-chirurgie.com/brachioplastie-lifting-des-bras.html]
[www.esthetique-lyon-chirurgie.com/brachioplastie-lifting-des-bras-les-complications.html]
[www.esthetique-lyon-chirurgie.com/sites/default/files/inline-images/lifting_cuissses2.jpg]
[www.esthetique-lyon-chirurgie.com/photos-cruroplastie-lifting-des-cuisses.html]
[www.esthetique-lyon-chirurgie.com/cruroplastie-lifting-des-cuisses-lintervention-et-apres-lintervention.html]
[www.esthetique-lyon-chirurgie.com/cruroplastie-lifting-des-cuisses-le-resultat-et-les-imperfections.html]
[www.esthetique-lyon-chirurgie.com/cruroplastie-lifting-des-cuisses.html]
[www.esthetique-lyon-chirurgie.com/cruroplastie-lifting-des-cuisses-les-complications.html]
[www.esthetique-lyon-chirurgie.com/sites/default/files/inline-images/lifting-facial.jpg]
[www.esthetique-lyon-chirurgie.com/chirurgie-du-visage-et-de-la-tete.html]
[www.esthetique-lyon-chirurgie.com/sites/default/files/inline-images/rhinoplastie.jpg]
[www.esthetique-lyon-chirurgie.com/rhinoplastie-lintervention-et-apres-lintervention.html]
[www.esthetique-lyon-chirurgie.com/rhinoplastie.html]
[www.esthetique-lyon-chirurgie.com/rhinoplastie-le-resultat-les-imperfections-et-les-complications.html]
[www.esthetique-lyon-chirurgie.com/sites/default/files/inline-images/lifting-temporal.jpg]
[www.esthetique-lyon-chirurgie.com/lifting-temporal-avant-lintervention.html]
[www.esthetique-lyon-chirurgie.com/lifting-temporal-lintervention-et-apres-lintervention.html]
[www.esthetique-lyon-chirurgie.com/lifting-temporal.html]
[www.esthetique-lyon-chirurgie.com/lifting-temporal-le-resultat-les-imperfections-et-les-complications.html]
[www.esthetique-lyon-chirurgie.com/sites/default/files/inline-images/lifting-centro-facial.jpg]
[www.esthetique-lyon-chirurgie.com/lifting-centro-facial-avant-lintervention-et-lintervention.html]
[www.esthetique-lyon-chirurgie.com/lifting-centro-facial-apres-lintervention.html]
[www.esthetique-lyon-chirurgie.com/lifting-centro-facial-le-resultat-et-les-imperfections.html]
[www.esthetique-lyon-chirurgie.com/lifting-centro-facial.html]
[www.esthetique-lyon-chirurgie.com/lifting-centro-facial-les-complications.html]
[www.esthetique-lyon-chirurgie.com/sites/default/files/inline-images/lifting-cervico-facial.jpg]
[www.esthetique-lyon-chirurgie.com/lifting-cervico-facial-avant-lintervention-et-lintervention.html]
[www.esthetique-lyon-chirurgie.com/lifting-cervico-facial-apres-lintervention-et-le-resultat.html]
[www.esthetique-lyon-chirurgie.com/lifting-cervico-facial-les-imperfections-et-les-complications.html]
[www.esthetique-lyon-chirurgie.com/lifting-cervico-facial-lyon.html]
[www.esthetique-lyon-chirurgie.com/lifting-cervico-facial-questions-frequentes.html]
[www.esthetique-lyon-chirurgie.com/sites/default/files/inline-images/lifting-fronto-temporal.jpg]
[www.esthetique-lyon-chirurgie.com/lifting-fronto-temporal-endoscopique-avant-lintervention.html]
[www.esthetique-lyon-chirurgie.com/lifting-fronto-temporal-endoscopique-lintervention-et-apres-lintervention.html]
[www.esthetique-lyon-chirurgie.com/lifting-fronto-temporal-endoscopique.html]
[www.esthetique-lyon-chirurgie.com/lifting-fronto-temporal-endoscopique-le-resultat-les-imperfections-et-les-complications.html]
[www.esthetique-lyon-chirurgie.com/lifting-facial-endoscopique-avant-lintervention.html]
[www.esthetique-lyon-chirurgie.com/lifting-facial-endoscopique-lintervention.html]
[www.esthetique-lyon-chirurgie.com/lifting-facial-endoscopique-apres-lintervention-et-le-resultat.html]
[www.esthetique-lyon-chirurgie.com/lifting-facial-endoscopique.html]
[www.esthetique-lyon-chirurgie.com/lifting-facial-endoscopique-les-imperfections-et-les-complications.html]
[www.esthetique-lyon-chirurgie.com/sites/default/files/inline-images/blepharoplastie.jpg]
[www.esthetique-lyon-chirurgie.com/blepharoplastie-avant-lintervention-et-lintervention.html]
[www.esthetique-lyon-chirurgie.com/blepharoplastie-apres-lintervention-les-resultats-et-les-imperfections.html]
[www.esthetique-lyon-chirurgie.com/blepharoplastie-les-complications.html]
[www.esthetique-lyon-chirurgie.com/blepharoplastie.html]
[www.esthetique-lyon-chirurgie.com/blepharoplastie-questions-frequentes.html]
[www.esthetique-lyon-chirurgie.com/sites/default/files/inline-images/otoplastie.jpg]
[www.esthetique-lyon-chirurgie.com/photos-otoplastie.html]
[www.esthetique-lyon-chirurgie.com/otoplastie-avant-lintervention.html]
[www.esthetique-lyon-chirurgie.com/otoplastie-lintervention-et-apres-lintervention.html]
[www.esthetique-lyon-chirurgie.com/otoplastie-le-resultat-les-exemples-et-les-imperfections.html]
[www.esthetique-lyon-chirurgie.com/otoplastie.html]
[www.esthetique-lyon-chirurgie.com/otoplastie-les-complications.html]
[www.esthetique-lyon-chirurgie.com/sites/default/files/inline-images/lipostructure.jpg]
[www.esthetique-lyon-chirurgie.com/lipomodelage-lipostructure-du-visage-lintervention-et-les-suites-post-operatoires.html]
[www.esthetique-lyon-chirurgie.com/lipomodelage-lipostructure-du-visage.html]
[www.esthetique-lyon-chirurgie.com/lipomodelage-lipostructure-du-visage-resultat-et-complications.html]
[www.esthetique-lyon-chirurgie.com/sites/default/files/inline-images/dermato_chirurgie.jpg]
[www.esthetique-lyon-chirurgie.com/dermato-chirurgie-principes.html]
[www.esthetique-lyon-chirurgie.com/dermato-chirurgie-avant-lintervention.html]
[www.esthetique-lyon-chirurgie.com/dermato-chirurgie-apres-lintervention-resultat-et-problemes-potentiels.html]
[www.esthetique-lyon-chirurgie.com/dermato-chirurgie.html]
[www.esthetique-lyon-chirurgie.com/dermato-chirurgie-les-complications.html]
[www.esthetique-lyon-chirurgie.com/sites/default/files/inline-images/injection-acide-hyaluronique2.jpg]
[www.esthetique-lyon-chirurgie.com/medecine-esthetique.html]
[www.esthetique-lyon-chirurgie.com/radiofrequence.html]
[www.esthetique-lyon-chirurgie.com/injection-dacide-hyaluronique-principes.html]
[www.esthetique-lyon-chirurgie.com/injection-dacide-hyaluronique-lintervention.html]
[www.esthetique-lyon-chirurgie.com/injection-dacide-hyaluronique-le-resultat-et-les-complications.html]
[www.esthetique-lyon-chirurgie.com/injection-acide-hyaluronique.html]
[www.esthetique-lyon-chirurgie.com/injection-dacide-hyaluronique-questions-frequentes.html]
[www.esthetique-lyon-chirurgie.com/sites/default/files/inline-images/botox.jpg]
[www.esthetique-lyon-chirurgie.com/injection-de-toxine-botulique-avant-lintervention.html]
[www.esthetique-lyon-chirurgie.com/injection-de-toxine-botulique-lintervention-et-apres-lintervention.html]
[www.esthetique-lyon-chirurgie.com/injection-de-toxine-botulique-le-resultat-et-les-imperfections.html]
[www.esthetique-lyon-chirurgie.com/injection-de-toxine-botulique-les-complications.html]
[www.esthetique-lyon-chirurgie.com/injection-de-toxine-botulique.html]
[www.esthetique-lyon-chirurgie.com/injection-toxine-botulique-questions-frequentes.html]
[www.esthetique-lyon-chirurgie.com/sites/default/files/inline-images/consultation.jpg]
[www.esthetique-lyon-chirurgie.com/consultation.html]
[www.esthetique-lyon-chirurgie.com/sites/default/files/inline-images/hospitalisation.jpg]
[www.esthetique-lyon-chirurgie.com/hospitalisation.html]
[www.esthetique-lyon-chirurgie.com/photos-dinterventions.html]
[www.esthetique-lyon-chirurgie.com/sites/default/files/inline-images/tarifs.jpg]
[www.esthetique-lyon-chirurgie.com/tarifs.html]
[www.esthetique-lyon-chirurgie.com/eliminer-poches-sous-les-yeux.html]
[www.esthetique-lyon-chirurgie.com/sites/default/files/2025-01/actu_blepharoplastie.jpg]
[www.esthetique-lyon-chirurgie.com/limportance-darreter-de-fumer-avant-la-chirurgie-moissanstabac.html]
[www.esthetique-lyon-chirurgie.com/sites/default/files/2021-02/actu_tabac.jpg]
[www.esthetique-lyon-chirurgie.com/octobre-rose-la-chirurgie-reparatrice-apres-un-cancer-du-sein.html]
[www.esthetique-lyon-chirurgie.com/sites/default/files/2021-05/octobre-rose.jpg]
[www.esthetique-lyon-chirurgie.com/en-2018-10-des-francaises-ont-eu-recours-la-chirurgie-esthetique.html]
[www.esthetique-lyon-chirurgie.com/sites/default/files/2021-05/pourcentage_chirurgie-esthetique.jpg]
[www.esthetique-lyon-chirurgie.com/le-dr-papalia-integre-le-centre-hospitalier-de-sainte-foy.html]
[www.esthetique-lyon-chirurgie.com/sites/default/files/2021-05/chsf.jpg]
[www.esthetique-lyon-chirurgie.com/depuis-le-2-janvier-2019-le-dr-papalia-opere-aussi-au-medipole-lyon-villeurbanne.html]
[www.esthetique-lyon-chirurgie.com/sites/default/files/2021-05/arrivee_medipole.jpg]
[www.esthetique-lyon-chirurgie.com/actualites.html]
[www.esthetique-lyon-chirurgie.com/faq.html]
[www.esthetique-lyon-chirurgie.com/protheses-mammaires-descente.html]
[www.esthetique-lyon-chirurgie.com/cout-augmentation-mammaire-lipofilling.html]
[www.esthetique-lyon-chirurgie.com/actualites/index.html]
[www.esthetique-lyon-chirurgie.com/mentions-legales.html]
[www.esthetique-lyon-chirurgie.com/core/misc/icons/e32700/error.svg]
[www.esthetique-lyon-chirurgie.com/core/misc/icons/e29700/warning.svg]
[www.esthetique-lyon-chirurgie.com/core/misc/icons/73b355/check.svg]
[www.esthetique-lyon-chirurgie.com/core/misc/icons/787878/twistie-down.svg]
[www.esthetique-lyon-chirurgie.com/core/misc/icons/787878/twistie-up.svg]
[www.esthetique-lyon-chirurgie.com/libraries/flexslider/fonts/flexslider-icon.svg]
[www.esthetique-lyon-chirurgie.com/themes/contrib/bartik/icons/ee0000/required.svg]
[www.esthetique-lyon-chirurgie.com/themes/contrib/bartik/icons/e32700/error.svg]
[www.esthetique-lyon-chirurgie.com/themes/contrib/bartik/icons/feed.svg]
[www.esthetique-lyon-chirurgie.com/themes/contrib/bartik/icons/73b355/check.svg]
[www.esthetique-lyon-chirurgie.com/themes/contrib/bartik/icons/e29700/warning.svg]
[www.esthetique-lyon-chirurgie.com/themes/contrib/bartik/icons/required.svg]
[www.esthetique-lyon-chirurgie.com/themes/contrib/bartik/icons/000000/chevron-left.svg]
[www.esthetique-lyon-chirurgie.com/themes/contrib/bartik/icons/000000/chevron-right.svg]
[www.esthetique-lyon-chirurgie.com/themes/contrib/bartik/icons/ffffff/hamburger.svg]
[www.esthetique-lyon-chirurgie.com/themes/contrib/bartik/icons/505050/loupe.svg]
[www.esthetique-lyon-chirurgie.com/themes/contrib/bartik/icons/424242/loupe.svg]
[www.esthetique-lyon-chirurgie.com/themes/contrib/bartik/icons/ffffff/twistie-down.svg]
[www.esthetique-lyon-chirurgie.com/themes/contrib/bartik/icons/ffffff/twistie-up.svg]
[www.esthetique-lyon-chirurgie.com/themes/asco_theme/images/picto_temoignages.html]
[www.esthetique-lyon-chirurgie.com/themes/asco_theme/images/picto_photo_FFFFFF.svg]
[www.esthetique-lyon-chirurgie.com/modules/contrib/webform/css/webform.element.details.togglef993.css]
[www.esthetique-lyon-chirurgie.com/modules/contrib/webform/css/webform.element.messagef993.css]
[www.esthetique-lyon-chirurgie.com/modules/contrib/webform/css/webform.formf993.css]
[www.esthetique-lyon-chirurgie.com/modules/contrib/captcha/css/captchaf993.css]
[www.esthetique-lyon-chirurgie.com/modules/contrib/webform/css/webform.theme.bartikf993.css]
[www.esthetique-lyon-chirurgie.com/sites/default/files/inline-images/augmentation-protheses-mammaires210.jpg]
[www.esthetique-lyon-chirurgie.com/sites/default/files/inline-images/augmentation-protheses-mammaires209.jpg]
[www.esthetique-lyon-chirurgie.com/sites/default/files/inline-images/augmentation-protheses-mammaires211.jpg]
[www.esthetique-lyon-chirurgie.com/sites/default/files/inline-images/augmentation-protheses-mammaires212.jpg]
[www.esthetique-lyon-chirurgie.com/sites/default/files/inline-images/augmentation-protheses-mammaires213.jpg]
[www.esthetique-lyon-chirurgie.com/sites/default/files/inline-images/augmentation-protheses-mammaires214.jpg]
[www.esthetique-lyon-chirurgie.com/sites/default/files/inline-images/augmentation-protheses-mammaires215.jpg]
[www.esthetique-lyon-chirurgie.com/sites/default/files/inline-images/augmentation-protheses-mammaires216.jpg]
[www.esthetique-lyon-chirurgie.com/sites/default/files/inline-images/augmentation-protheses-mammaires218.jpg]
[www.esthetique-lyon-chirurgie.com/sites/default/files/inline-images/augmentation-protheses-mammaires219.jpg]
[www.esthetique-lyon-chirurgie.com/sites/default/files/inline-images/augmentation-protheses-mammaires220.jpg]
[www.esthetique-lyon-chirurgie.com/sites/default/files/inline-images/augmentation-protheses-mammaires221.jpg]
[www.esthetique-lyon-chirurgie.com/sites/default/files/inline-images/augmentation-protheses-mammaires222.jpg]
[www.esthetique-lyon-chirurgie.com/sites/default/files/inline-images/augmentation-protheses-mammaires224.jpg]
[www.esthetique-lyon-chirurgie.com/sites/default/files/inline-images/augmentation-protheses-mammaires228.jpg]
[www.esthetique-lyon-chirurgie.com/sites/default/files/inline-images/augmentation-protheses-mammaires229.jpg]
[www.esthetique-lyon-chirurgie.com/sites/default/files/inline-images/augmentation-protheses-mammaires230.jpg]
[www.esthetique-lyon-chirurgie.com/sites/default/files/inline-images/augmentation-protheses-mammaires231.jpg]
[www.esthetique-lyon-chirurgie.com/sites/default/files/inline-images/augmentation-protheses-mammaires232.jpg]
[www.esthetique-lyon-chirurgie.com/sites/default/files/inline-images/augmentation-protheses-mammaires233.jpg]
[www.esthetique-lyon-chirurgie.com/sites/default/files/inline-images/augmentation-protheses-mammaires235.jpg]
[www.esthetique-lyon-chirurgie.com/sites/default/files/inline-images/augmentation-protheses-mammaires237.jpg]
[www.esthetique-lyon-chirurgie.com/sites/default/files/inline-images/augmentation-protheses-mammaires241.jpg]
[www.esthetique-lyon-chirurgie.com/sites/default/files/inline-images/augmentation-protheses-mammaires242.jpg]
[www.esthetique-lyon-chirurgie.com/photos-augmentation-mammaire.html]
[www.esthetique-lyon-chirurgie.com/sites/default/files/inline-images/implant_mammaire.jpg]
[www.esthetique-lyon-chirurgie.com/augmentation-mammaire-les-implants.html]
[www.esthetique-lyon-chirurgie.com/sites/default/files/inline-images/avant_implants.jpg]
[www.esthetique-lyon-chirurgie.com/augmentation-mammaire-avant-lintervention.html]
[www.esthetique-lyon-chirurgie.com/augmentation-mammaire-lintervention.html]
[www.esthetique-lyon-chirurgie.com/sites/default/files/inline-images/resultat_prothese.jpg]
[www.esthetique-lyon-chirurgie.com/augmentation-mammaire-apres-lintervention.html]
[www.esthetique-lyon-chirurgie.com/sites/default/files/inline-images/complication_prothese.jpg]
[www.esthetique-lyon-chirurgie.com/augmentation-mammaire-les-imperfections-de-resultat-et-complications-envisageables.html]
[www.esthetique-lyon-chirurgie.com/sites/default/files/inline-images/faq.jpg]
[www.esthetique-lyon-chirurgie.com/augmentation-mammaire-questions-diverses.html]
[www.esthetique-lyon-chirurgie.com/sites/default/files/inline-images/hypertrophie-mammaire156.jpg]
[www.esthetique-lyon-chirurgie.com/sites/default/files/inline-images/hypertrophie-mammaire157.jpg]
[www.esthetique-lyon-chirurgie.com/sites/default/files/inline-images/hypertrophie-mammaire158.jpg]
[www.esthetique-lyon-chirurgie.com/sites/default/files/inline-images/hypertrophie-mammaire162.jpg]
[www.esthetique-lyon-chirurgie.com/sites/default/files/inline-images/hypertrophie-mammaire163.jpg]
[www.esthetique-lyon-chirurgie.com/sites/default/files/inline-images/hypertrophie-mammaire164.jpg]
[www.esthetique-lyon-chirurgie.com/sites/default/files/inline-images/hypertrophie-mammaire166.jpg]
[www.esthetique-lyon-chirurgie.com/sites/default/files/inline-images/hypertrophie-mammaire167.jpg]
[www.esthetique-lyon-chirurgie.com/sites/default/files/inline-images/hypertrophie-mammaire168.jpg]
[www.esthetique-lyon-chirurgie.com/sites/default/files/inline-images/hypertrophie-mammaire169.jpg]
[www.esthetique-lyon-chirurgie.com/sites/default/files/inline-images/hypertrophie-mammaire170.jpg]
[www.esthetique-lyon-chirurgie.com/sites/default/files/inline-images/hypertrophie-mammaire171.jpg]
[www.esthetique-lyon-chirurgie.com/sites/default/files/inline-images/hypertrophie-mammaire172.jpg]
[www.esthetique-lyon-chirurgie.com/sites/default/files/inline-images/hypertrophie-mammaire174.jpg]
[www.esthetique-lyon-chirurgie.com/sites/default/files/inline-images/hypertrophie-mammaire178.jpg]
[www.esthetique-lyon-chirurgie.com/sites/default/files/inline-images/hypertrophie-mammaire180.jpg]
[www.esthetique-lyon-chirurgie.com/photos-reduction-mammaire.html]
[www.esthetique-lyon-chirurgie.com/sites/default/files/inline-images/anesthesie_0.jpg]
[www.esthetique-lyon-chirurgie.com/reduction-mammaire-avant-lintervention.html]
[www.esthetique-lyon-chirurgie.com/sites/default/files/inline-images/resultat_reduction.jpg]
[www.esthetique-lyon-chirurgie.com/reduction-mammaire-apres-lintervention-resultats-exemples.html]
[www.esthetique-lyon-chirurgie.com/reduction-mammaire-les-imperfections-de-resultat-et-complications-envisageables.html]
[www.esthetique-lyon-chirurgie.com/reduction-mammaire-questions-frequentes.html]
[www.esthetique-lyon-chirurgie.com/ptose-mammaire-lintervention.html]
[www.esthetique-lyon-chirurgie.com/sites/default/files/inline-images/resultat_ptose.jpg]
[www.esthetique-lyon-chirurgie.com/ptose-mammaire-le-resultat-les-imperfections-les-complications.html]
[www.esthetique-lyon-chirurgie.com/sites/default/files/inline-images/reconstruction_mammaire.jpg]
[www.esthetique-lyon-chirurgie.com/reconstruction-du-sein-par-lambeau-de-muscle-grand-dorsal-principes-et-protheses.html]
[www.esthetique-lyon-chirurgie.com/sites/default/files/inline-images/intervention_reconstruction.jpg]
[www.esthetique-lyon-chirurgie.com/reconstruction-du-sein-par-lambeau-de-muscle-grand-dorsal-lintervention.html]
[www.esthetique-lyon-chirurgie.com/sites/default/files/inline-images/resultat_reconstruction.jpg]
[www.esthetique-lyon-chirurgie.com/reconstruction-du-sein-par-lambeau-de-muscle-grand-dorsal-le-resultat-et-les-imperfections.html]
[www.esthetique-lyon-chirurgie.com/reconstruction-du-sein-par-lambeau-de-muscle-grand-dorsal-les-complications.html]
[www.esthetique-lyon-chirurgie.com/sites/default/files/inline-images/ptose mammaire_15.jpg]
[www.esthetique-lyon-chirurgie.com/reconstruction-du-sein-par-lambeau-de-muscle-droit-de-labdomen-principes.html]
[www.esthetique-lyon-chirurgie.com/sites/default/files/inline-images/ptose mammaire_16.jpg]
[www.esthetique-lyon-chirurgie.com/reconstruction-du-sein-par-lambeau-de-muscle-droit-de-labdomen-lintervention.html]
[www.esthetique-lyon-chirurgie.com/sites/default/files/inline-images/ptose mammaire_17.jpg]
[www.esthetique-lyon-chirurgie.com/reconstruction-du-sein-par-lambeau-de-muscle-droit-de-labdomen-le-resultat-et-les-imperfections.html]
[www.esthetique-lyon-chirurgie.com/sites/default/files/inline-images/ptose mammaire_18.jpg]
[www.esthetique-lyon-chirurgie.com/reconstruction-du-sein-par-lambeau-de-muscle-droit-de-labdomen-les-complications.html]
[www.esthetique-lyon-chirurgie.com/sites/default/files/inline-images/reconstruction_implants.jpg]
[www.esthetique-lyon-chirurgie.com/reconstruction-du-sein-par-prothese-principes-et-protheses.html]
[www.esthetique-lyon-chirurgie.com/sites/default/files/inline-images/intervention_reconstruction2.jpg]
[www.esthetique-lyon-chirurgie.com/reconstruction-du-sein-par-prothese-lintervention.html]
[www.esthetique-lyon-chirurgie.com/reconstruction-du-sein-par-prothese-le-resultat-et-les-imperfections.html]
[www.esthetique-lyon-chirurgie.com/reconstruction-du-sein-par-prothese-les-complications.html]
[www.esthetique-lyon-chirurgie.com/sites/default/files/inline-images/gynecomastie_solutions_1.jpg]
[www.esthetique-lyon-chirurgie.com/cure-de-gynecomastie-solutions-et-suite-operatoires.html]
[www.esthetique-lyon-chirurgie.com/sites/default/files/inline-images/gynecomastie_suite.jpg]
[www.esthetique-lyon-chirurgie.com/cure-de-gynecomastie-resultat-et-complications.html]
[www.esthetique-lyon-chirurgie.com/sites/default/files/inline-images/lipoaspiration93.jpg]
[www.esthetique-lyon-chirurgie.com/sites/default/files/inline-images/lipoaspiration95.jpg]
[www.esthetique-lyon-chirurgie.com/sites/default/files/inline-images/lipoaspiration96.jpg]
[www.esthetique-lyon-chirurgie.com/sites/default/files/inline-images/lipoaspiration97.jpg]
[www.esthetique-lyon-chirurgie.com/sites/default/files/inline-images/lipoaspiration98.jpg]
[www.esthetique-lyon-chirurgie.com/sites/default/files/inline-images/lipoaspiration99.jpg]
[www.esthetique-lyon-chirurgie.com/sites/default/files/inline-images/lipoaspiration100.jpg]
[www.esthetique-lyon-chirurgie.com/sites/default/files/inline-images/lipoaspiration101.jpg]
[www.esthetique-lyon-chirurgie.com/sites/default/files/inline-images/lipoaspiration102.jpg]
[www.esthetique-lyon-chirurgie.com/sites/default/files/inline-images/lipoaspiration104.jpg]
[www.esthetique-lyon-chirurgie.com/sites/default/files/inline-images/lipoaspiration105.jpg]
[www.esthetique-lyon-chirurgie.com/sites/default/files/inline-images/lipoaspiration106.jpg]
[www.esthetique-lyon-chirurgie.com/sites/default/files/inline-images/lipoaspiration107.jpg]
[www.esthetique-lyon-chirurgie.com/sites/default/files/inline-images/lipoaspiration108.jpg]
[www.esthetique-lyon-chirurgie.com/photos-liposuccion.html]
[www.esthetique-lyon-chirurgie.com/sites/default/files/inline-images/intervention_liposuccion.jpg]
[www.esthetique-lyon-chirurgie.com/lipoaspirationliposuccion-lintervention.html]
[www.esthetique-lyon-chirurgie.com/sites/default/files/inline-images/resultat_liposuccion.jpg]
[www.esthetique-lyon-chirurgie.com/lipoaspirationliposuccion-le-resultat-et-les-imperfections.html]
[www.esthetique-lyon-chirurgie.com/sites/default/files/inline-images/lipoaspiration_2.jpg]
[www.esthetique-lyon-chirurgie.com/lipoaspirationliposuccion-les-complications.html]
[www.esthetique-lyon-chirurgie.com/lipomodelage-lipostructure-lipofilling-avant-lintervention.html]
[www.esthetique-lyon-chirurgie.com/sites/default/files/inline-images/lipofilling.jpg]
[www.esthetique-lyon-chirurgie.com/lipomodelage-lipostructure-lipofilling-lintervention.html]
[www.esthetique-lyon-chirurgie.com/sites/default/files/inline-images/resultat_lipofilliing.jpg]
[www.esthetique-lyon-chirurgie.com/lipomodelage-lipostructure-lipofilling-le-resultat-et-les-imperfections.html]
[www.esthetique-lyon-chirurgie.com/sites/default/files/inline-images/complications_lipofilling.jpg]
[www.esthetique-lyon-chirurgie.com/lipomodelage-lipostructure-lipofilling-les-complications.html]
[www.esthetique-lyon-chirurgie.com/sites/default/files/inline-images/dermolipectomie-abdominale116.jpg]
[www.esthetique-lyon-chirurgie.com/sites/default/files/inline-images/dermolipectomie-abdominale117.jpg]
[www.esthetique-lyon-chirurgie.com/sites/default/files/inline-images/dermolipectomie-abdominale118.jpg]
[www.esthetique-lyon-chirurgie.com/sites/default/files/inline-images/dermolipectomie-abdominale119.jpg]
[www.esthetique-lyon-chirurgie.com/sites/default/files/inline-images/dermolipectomie-abdominale119-2.jpg]
[www.esthetique-lyon-chirurgie.com/sites/default/files/inline-images/dermolipectomie-abdominale120.jpg]
[www.esthetique-lyon-chirurgie.com/sites/default/files/inline-images/dermolipectomie-abdominale121.jpg]
[www.esthetique-lyon-chirurgie.com/sites/default/files/inline-images/dermolipectomie-abdominale122.jpg]
[www.esthetique-lyon-chirurgie.com/sites/default/files/inline-images/dermolipectomie-abdominale123.jpg]
[www.esthetique-lyon-chirurgie.com/sites/default/files/inline-images/dermolipectomie-abdominale123-2.jpg]
[www.esthetique-lyon-chirurgie.com/sites/default/files/inline-images/dermolipectomie-abdominale124.jpg]
[www.esthetique-lyon-chirurgie.com/sites/default/files/inline-images/dermolipectomie-abdominale126.jpg]
[www.esthetique-lyon-chirurgie.com/sites/default/files/inline-images/dermolipectomie-abdominale127.jpg]
[www.esthetique-lyon-chirurgie.com/sites/default/files/inline-images/dermolipectomie-abdominale128.jpg]
[www.esthetique-lyon-chirurgie.com/sites/default/files/inline-images/dermolipectomie-abdominale131.jpg]
[www.esthetique-lyon-chirurgie.com/sites/default/files/inline-images/dermolipectomie-abdominale132.jpg]
[www.esthetique-lyon-chirurgie.com/sites/default/files/inline-images/dermolipectomie-abdominale133.jpg]
[www.esthetique-lyon-chirurgie.com/sites/default/files/inline-images/dermolipectomie-abdominale136.jpg]
[www.esthetique-lyon-chirurgie.com/sites/default/files/inline-images/dermolipectomie-abdominale137.jpg]
[www.esthetique-lyon-chirurgie.com/sites/default/files/inline-images/dermolipectomie-abdominale138.jpg]
[www.esthetique-lyon-chirurgie.com/sites/default/files/inline-images/dermolipectomie-abdominale139.jpg]
[www.esthetique-lyon-chirurgie.com/sites/default/files/inline-images/dermolipectomie-abdominale140_0.jpg]
[www.esthetique-lyon-chirurgie.com/sites/default/files/inline-images/dermolipectomie-abdominale140_0-2.jpg]
[www.esthetique-lyon-chirurgie.com/sites/default/files/inline-images/dermolipectomie-abdominale141.jpg]
[www.esthetique-lyon-chirurgie.com/sites/default/files/inline-images/dermolipectomie-abdominale142.jpg]
[www.esthetique-lyon-chirurgie.com/sites/default/files/inline-images/dermolipectomie-abdominale143.jpg]
[www.esthetique-lyon-chirurgie.com/sites/default/files/inline-images/dermolipectomie-abdominale144.jpg]
[www.esthetique-lyon-chirurgie.com/sites/default/files/inline-images/dermolipectomie-abdominale147.jpg]
[www.esthetique-lyon-chirurgie.com/sites/default/files/inline-images/dermolipectomie-abdominale148.jpg]
[www.esthetique-lyon-chirurgie.com/sites/default/files/inline-images/dermolipectomie-abdominale149.jpg]
[www.esthetique-lyon-chirurgie.com/sites/default/files/inline-images/dermolipectomie-abdominale153.jpg]
[www.esthetique-lyon-chirurgie.com/sites/default/files/inline-images/dermolipectomie-abdominale154.jpg]
[www.esthetique-lyon-chirurgie.com/sites/default/files/inline-images/dermolipectomie-abdominale155.jpg]
[www.esthetique-lyon-chirurgie.com/photos-abdominoplastie.html]
[www.esthetique-lyon-chirurgie.com/sites/default/files/inline-images/abdominoplastie_4.jpg]
[www.esthetique-lyon-chirurgie.com/abdominoplastie-objectifs-et-principes.html]
[www.esthetique-lyon-chirurgie.com/sites/default/files/inline-images/abdominoplastie_intervention.jpg]
[www.esthetique-lyon-chirurgie.com/abdominoplastie-lintervention.html]
[www.esthetique-lyon-chirurgie.com/abdominoplastie-le-resultat-et-les-imperfections.html]
[www.esthetique-lyon-chirurgie.com/abdominoplastie-les-complications-et-conclusion.html]
[www.esthetique-lyon-chirurgie.com/sites/default/files/inline-images/chirurgie-esthetique-bras83.jpg]
[www.esthetique-lyon-chirurgie.com/sites/default/files/inline-images/chirurgie-esthetique-bras84.jpg]
[www.esthetique-lyon-chirurgie.com/sites/default/files/inline-images/chirurgie-esthetique-bras85.jpg]
[www.esthetique-lyon-chirurgie.com/photos-brachioplastie-lifting-des-bras.html]
[www.esthetique-lyon-chirurgie.com/sites/default/files/inline-images/intervention_bras.jpg]
[www.esthetique-lyon-chirurgie.com/brachioplastie-lifting-des-bras-lintervention.html]
[www.esthetique-lyon-chirurgie.com/sites/default/files/inline-images/resultat_brachioplastie.jpg]
[www.esthetique-lyon-chirurgie.com/brachioplastie-lifting-des-bras-apres-lintervention-resultat-et-imperfections.html]
[www.esthetique-lyon-chirurgie.com/sites/default/files/inline-images/brachioplastie_2.jpg]
[www.esthetique-lyon-chirurgie.com/brachioplastie-lifting-des-bras-les-complications.html]
[www.esthetique-lyon-chirurgie.com/sites/default/files/inline-images/chirurgie-esthetique-cuisse86.jpg]
[www.esthetique-lyon-chirurgie.com/sites/default/files/inline-images/chirurgie-esthetique-cuisse87.jpg]
[www.esthetique-lyon-chirurgie.com/sites/default/files/inline-images/chirurgie-esthetique-cuisse88.jpg]
[www.esthetique-lyon-chirurgie.com/photos-cruroplastie-lifting-des-cuisses.html]
[www.esthetique-lyon-chirurgie.com/sites/default/files/inline-images/lifting_cuisses.jpg]
[www.esthetique-lyon-chirurgie.com/cruroplastie-lifting-des-cuisses-lintervention-et-apres-lintervention.html]
[www.esthetique-lyon-chirurgie.com/sites/default/files/inline-images/lifting-cuisse_1.jpg]
[www.esthetique-lyon-chirurgie.com/cruroplastie-lifting-des-cuisses-le-resultat-et-les-imperfections.html]
[www.esthetique-lyon-chirurgie.com/sites/default/files/inline-images/complications_lifting_cuisses.jpg]
[www.esthetique-lyon-chirurgie.com/cruroplastie-lifting-des-cuisses-les-complications.html]
[www.esthetique-lyon-chirurgie.com/sites/default/files/inline-images/rhinoplastie_intervetion.jpg]
[www.esthetique-lyon-chirurgie.com/rhinoplastie-lintervention-et-apres-lintervention.html]
[www.esthetique-lyon-chirurgie.com/sites/default/files/inline-images/rhinoplastie_2.jpg]
[www.esthetique-lyon-chirurgie.com/rhinoplastie-le-resultat-les-imperfections-et-les-complications.html]
[www.esthetique-lyon-chirurgie.com/lifting-temporal-avant-lintervention.html]
[www.esthetique-lyon-chirurgie.com/sites/default/files/inline-images/intervention_lifting.jpg]
[www.esthetique-lyon-chirurgie.com/lifting-temporal-lintervention-et-apres-lintervention.html]
[www.esthetique-lyon-chirurgie.com/sites/default/files/inline-images/resultat_lifting-temporal.jpg]
[www.esthetique-lyon-chirurgie.com/lifting-temporal-le-resultat-les-imperfections-et-les-complications.html]
[www.esthetique-lyon-chirurgie.com/injection-toxine-botulique.html]
[www.esthetique-lyon-chirurgie.com/sites/default/files/inline-images/lifting-centro-facial_0.jpg]
[www.esthetique-lyon-chirurgie.com/lifting-centro-facial-avant-lintervention-et-lintervention.html]
[www.esthetique-lyon-chirurgie.com/sites/default/files/inline-images/lifting-centro-facial_1.jpg]
[www.esthetique-lyon-chirurgie.com/lifting-centro-facial-apres-lintervention.html]
[www.esthetique-lyon-chirurgie.com/sites/default/files/inline-images/lifting-centro-facial_2.jpg]
[www.esthetique-lyon-chirurgie.com/lifting-centro-facial-le-resultat-et-les-imperfections.html]
[www.esthetique-lyon-chirurgie.com/sites/default/files/inline-images/lifting-centro-facial_3.jpg]
[www.esthetique-lyon-chirurgie.com/lifting-centro-facial-les-complications.html]
[www.esthetique-lyon-chirurgie.com/lifting-cervico-facial-avant-lintervention-et-lintervention.html]
[www.esthetique-lyon-chirurgie.com/sites/default/files/inline-images/resultat_lifting-cervico.jpg]
[www.esthetique-lyon-chirurgie.com/lifting-cervico-facial-apres-lintervention-et-le-resultat.html]
[www.esthetique-lyon-chirurgie.com/sites/default/files/inline-images/complication_lifting_cervico.jpg]
[www.esthetique-lyon-chirurgie.com/lifting-cervico-facial-les-imperfections-et-les-complications.html]
[www.esthetique-lyon-chirurgie.com/lifting-cervico-facial-questions-frequentes.html]
[www.esthetique-lyon-chirurgie.com/lifting-fronto-temporal-endoscopique-avant-lintervention.html]
[www.esthetique-lyon-chirurgie.com/sites/default/files/inline-images/intervention_lifting-frontal.jpg]
[www.esthetique-lyon-chirurgie.com/lifting-fronto-temporal-endoscopique-lintervention-et-apres-lintervention.html]
[www.esthetique-lyon-chirurgie.com/sites/default/files/inline-images/resultat_lifting-frontal.jpg]
[www.esthetique-lyon-chirurgie.com/lifting-fronto-temporal-endoscopique-le-resultat-les-imperfections-et-les-complications.html]
[www.esthetique-lyon-chirurgie.com/lifting-facial-endoscopique-avant-lintervention.html]
[www.esthetique-lyon-chirurgie.com/sites/default/files/inline-images/lifting-facial_1.jpg]
[www.esthetique-lyon-chirurgie.com/lifting-facial-endoscopique-lintervention.html]
[www.esthetique-lyon-chirurgie.com/sites/default/files/inline-images/resultat_lifting-endoscopique.jpg]
[www.esthetique-lyon-chirurgie.com/lifting-facial-endoscopique-apres-lintervention-et-le-resultat.html]
[www.esthetique-lyon-chirurgie.com/sites/default/files/inline-images/complication_lifting_endoscopique.jpg]
[www.esthetique-lyon-chirurgie.com/lifting-facial-endoscopique-les-imperfections-et-les-complications.html]
[www.esthetique-lyon-chirurgie.com/blepharoplastie-avant-lintervention-et-lintervention.html]
[www.esthetique-lyon-chirurgie.com/sites/default/files/inline-images/resultat_blepharoplastie.jpg]
[www.esthetique-lyon-chirurgie.com/blepharoplastie-apres-lintervention-les-resultats-et-les-imperfections.html]
[www.esthetique-lyon-chirurgie.com/sites/default/files/inline-images/complication_blepharoplastie.jpg]
[www.esthetique-lyon-chirurgie.com/blepharoplastie-les-complications.html]
[www.esthetique-lyon-chirurgie.com/blepharoplastie-questions-frequentes.html]
[www.esthetique-lyon-chirurgie.com/sites/default/files/inline-images/oreilles-decollees59.jpg]
[www.esthetique-lyon-chirurgie.com/sites/default/files/inline-images/oreilles-decollees62.jpg]
[www.esthetique-lyon-chirurgie.com/sites/default/files/inline-images/oreilles-decollees63.jpg]
[www.esthetique-lyon-chirurgie.com/sites/default/files/inline-images/oreilles-decollees64.jpg]
[www.esthetique-lyon-chirurgie.com/sites/default/files/inline-images/oreilles-decollees65.jpg]
[www.esthetique-lyon-chirurgie.com/sites/default/files/inline-images/oreilles-decollees66.jpg]
[www.esthetique-lyon-chirurgie.com/sites/default/files/inline-images/oreilles-decollees67.jpg]
[www.esthetique-lyon-chirurgie.com/sites/default/files/inline-images/oreilles-decollees69.jpg]
[www.esthetique-lyon-chirurgie.com/sites/default/files/inline-images/oreilles-decollees70.jpg]
[www.esthetique-lyon-chirurgie.com/sites/default/files/inline-images/oreilles-decollees71.jpg]
[www.esthetique-lyon-chirurgie.com/sites/default/files/inline-images/oreilles-decollees72.jpg]
[www.esthetique-lyon-chirurgie.com/sites/default/files/inline-images/oreilles-decollees73.jpg]
[www.esthetique-lyon-chirurgie.com/sites/default/files/inline-images/oreilles-decollees74.jpg]
[www.esthetique-lyon-chirurgie.com/sites/default/files/inline-images/oreilles-decollees75.jpg]
[www.esthetique-lyon-chirurgie.com/sites/default/files/inline-images/oreilles-decollees76.jpg]
[www.esthetique-lyon-chirurgie.com/photos-otoplastie.html]
[www.esthetique-lyon-chirurgie.com/otoplastie-avant-lintervention.html]
[www.esthetique-lyon-chirurgie.com/sites/default/files/inline-images/intervention_oreille.jpg]
[www.esthetique-lyon-chirurgie.com/otoplastie-lintervention-et-apres-lintervention.html]
[www.esthetique-lyon-chirurgie.com/sites/default/files/inline-images/resultat_otoplastie.jpg]
[www.esthetique-lyon-chirurgie.com/otoplastie-le-resultat-les-exemples-et-les-imperfections.html]
[www.esthetique-lyon-chirurgie.com/sites/default/files/inline-images/complication_otoplastie.jpg]
[www.esthetique-lyon-chirurgie.com/otoplastie-les-complications.html]
[www.esthetique-lyon-chirurgie.com/sites/default/files/inline-images/lifting-facial_4.jpg]
[www.esthetique-lyon-chirurgie.com/lipomodelage-lipostructure-du-visage-lintervention-et-les-suites-post-operatoires.html]
[www.esthetique-lyon-chirurgie.com/sites/default/files/inline-images/resultat_lipostructure.jpg]
[www.esthetique-lyon-chirurgie.com/lipomodelage-lipostructure-du-visage-resultat-et-complications.html]
[www.esthetique-lyon-chirurgie.com/sites/default/files/inline-images/principe_dermato-chirurgie.jpg]
[www.esthetique-lyon-chirurgie.com/dermato-chirurgie-principes.html]
[www.esthetique-lyon-chirurgie.com/dermato-chirurgie-avant-lintervention.html]
[www.esthetique-lyon-chirurgie.com/sites/default/files/inline-images/dermatochirurgie_2.jpg]
[www.esthetique-lyon-chirurgie.com/dermato-chirurgie-apres-lintervention-resultat-et-problemes-potentiels.html]
[www.esthetique-lyon-chirurgie.com/sites/default/files/inline-images/dermatochirurgie_3.jpg]
[www.esthetique-lyon-chirurgie.com/dermato-chirurgie-les-complications.html]
[www.esthetique-lyon-chirurgie.com/sites/default/files/inline-images/principe_acide.jpg]
[www.esthetique-lyon-chirurgie.com/injection-dacide-hyaluronique-principes.html]
[www.esthetique-lyon-chirurgie.com/sites/default/files/inline-images/injection-acide-hyaluronique2_1.jpg]
[www.esthetique-lyon-chirurgie.com/injection-dacide-hyaluronique-lintervention.html]
[www.esthetique-lyon-chirurgie.com/sites/default/files/inline-images/complication_acide.jpg]
[www.esthetique-lyon-chirurgie.com/injection-dacide-hyaluronique-le-resultat-et-les-complications.html]
[www.esthetique-lyon-chirurgie.com/injection-dacide-hyaluronique-questions-frequentes.html]
[www.esthetique-lyon-chirurgie.com/sites/default/files/inline-images/enceinte.jpg]
[www.esthetique-lyon-chirurgie.com/injection-de-toxine-botulique-avant-lintervention.html]
[www.esthetique-lyon-chirurgie.com/sites/default/files/inline-images/injection-toxine-botulique_1.jpg]
[www.esthetique-lyon-chirurgie.com/injection-de-toxine-botulique-lintervention-et-apres-lintervention.html]
[www.esthetique-lyon-chirurgie.com/injection-de-toxine-botulique-le-resultat-et-les-imperfections.html]
[www.esthetique-lyon-chirurgie.com/sites/default/files/inline-images/mal_tete.jpg]
[www.esthetique-lyon-chirurgie.com/injection-de-toxine-botulique-les-complications.html]
[www.esthetique-lyon-chirurgie.com/injection-toxine-botulique-questions-frequentes.html]
[www.esthetique-lyon-chirurgie.com/Combien de temps faut-il pour que les prothèses mammaires descendent .html]
[www.esthetique-lyon-chirurgie.com/Le coût de l'augmentation mammaire par lipofilling _ Ce que vous devez savoir.html]
[www.esthetique-lyon-chirurgie.com/eliminer-poches-sous-les-yeux.html]
[www.esthetique-lyon-chirurgie.com/Solutions pour réduire et éliminer les poches sous les yeux.html]
[www.esthetique-lyon-chirurgie.com/limportance-darreter-de-fumer-avant-la-chirurgie-moissanstabac.html]
[www.esthetique-lyon-chirurgie.com/L’importance d’arrêter de fumer avant la chirurgie (.html]
[www.esthetique-lyon-chirurgie.com/octobre-rose-la-chirurgie-reparatrice-apres-un-cancer-du-sein.html]
[www.esthetique-lyon-chirurgie.com/Octobre rose _ la chirurgie réparatrice après un cancer du sein.html]
[www.esthetique-lyon-chirurgie.com/en-2018-10-des-francaises-ont-eu-recours-la-chirurgie-esthetique.html]
[www.esthetique-lyon-chirurgie.com/En 2018, 10 % des françaises ont eu recours à la chirurgie esthétique.html]
[www.esthetique-lyon-chirurgie.com/le-dr-papalia-integre-le-centre-hospitalier-de-sainte-foy.html]
[www.esthetique-lyon-chirurgie.com/Le Dr Papalia intègre le Centre Hospitalier de Sainte-Foy.html]
[www.esthetique-lyon-chirurgie.com/depuis-le-2-janvier-2019-le-dr-papalia-opere-aussi-au-medipole-lyon-villeurbanne.html]
[www.esthetique-lyon-chirurgie.com/Depuis le 2 janvier 2019, le Dr Papalia opère aussi au Médipôle Lyon Villeurbanne.html]
